// Jest Snapshot v1, https://goo.gl/fbAQLP

exports[`<Range> renders a default text input 1`] = `
<input
  max="10"
  min="0"
  step="1"
  type="range"
  value="5"
/>
`;
