// Jest Snapshot v1, https://goo.gl/fbAQLP

exports[`<Checkbox> renders a default checkbox 1`] = `
<input
  type="checkbox"
/>
`;
