// Jest Snapshot v1, https://goo.gl/fbAQLP

exports[`<Field> renders a default field 1`] = `<div />`;
